[www.helltruth.com/index.html]
[backblue.gif]
[fade.gif]
[index.html]
[www.helltruth.com/DependencyHandler.axd/b3ac87637b5ba40896c9b2e1ccbb70ba/359/css.css]
[www.helltruth.com/Portals/2/favicon1ba6.ico]
[manna.amazingfacts.org/amazingfacts/website/helltruth/images/banners/hath-hell-no-fury-large.jpg]
[static.addtoany.com/menu/page.js]
[manna.amazingfacts.org/amazingfacts/website/multiple/scripts/js/jquery-030501.js]
[www.helltruth.com/WebResource3c5c.js]
[www.helltruth.com/ScriptResource3c57.js]
[www.helltruth.com/ScriptResource9f8c.js]
[www.helltruth.com/DependencyHandler.axd/ce4437c9d75127eb4bd95445518924a9/359/js.js]
[www.helltruth.com/DependencyHandler.axd/56089e3a4b3a348adf00b783559c3978/359/js.js]
[manna.amazingfacts.org/amazingfacts/website/helltruth/images/skin/helltruth-logo.png]
[www.helltruth.com/history.html]
[www.helltruth.com/q-a.html]
[www.helltruth.com/free-resources/video-library.html]
[www.helltruth.com/free-resources/audio-library.html]
[www.helltruth.com/free-resources/book-and-article-library.html]
[www.helltruth.com/free-resources/article-library.html]
[www.helltruth.com/free-resources/request-free-book.html]
[www.helltruth.com/bible-studies.html]
[www.helltruth.com/store.html]
[www.helltruth.com/contact-us.html]
[www.helltruth.com/home/site-search.html]
[manna.amazingfacts.org/amazingfacts/website/multiple/images/skin/search.jpg]
[manna.amazingfacts.org/amazingfacts/website/multiple/images/skin/hamburger.jpg]
[manna.amazingfacts.org/amazingfacts/website/multiple/images/skin/menu-open.png]
[manna.amazingfacts.org/amazingfacts/website/multiple/images/skin/menu-close.png]
[www.helltruth.com/free-resources/video-library/id/1677/t/a-tale-about-hell.html]
[manna.amazingfacts.org/amazingfacts/website/helltruth/images/banners/truth-about-hell.jpg]
[manna.amazingfacts.org/amazingfacts/website/helltruth/images/banners/hell-truth-mobile.jpg]
[www.helltruth.com/free-resources/article-library/id/1870/t/is-hellfire-real-.html]
[manna.amazingfacts.org/amazingfacts/website/helltruth/images/banners/hath-hell-no-fury-small.jpg]
[www.helltruth.com/free-resources/article-library/id/1871/t/eternal-damnation-.html]
[manna.amazingfacts.org/amazingfacts/website/helltruth/images/banners/what-about-forever-small.jpg]
[www.helltruth.com/free-resources/article-library/id/1872/t/where-is-hell-.html]
[manna.amazingfacts.org/amazingfacts/website/helltruth/images/banners/hell-on-earth-small.jpg]
[www.helltruth.com/free-resources/article-library/id/1874/t/what-does-hell-say-about-god-.html]
[manna.amazingfacts.org/amazingfacts/website/helltruth/images/banners/a-burning-controversy-small.jpg]
[www.helltruth.com/free-resources/article-library/id/1873/t/the-story-of-the-rich-man-and-lazarus.html]
[manna.amazingfacts.org/amazingfacts/website/helltruth/images/banners/rich-man-and-lazarus-and-dogs-small.jpg]
[www.helltruth.com/free-resources/video-library/id/1570/t/what-is-everlasting-fire-in-the-bible-.html]
[manna.amazingfacts.org/amazingfacts/website/helltruth/images/banners/everlasting-fire-Bible-media.jpg]
[www.helltruth.com/free-resources/video-library/id/1581/t/what-is-unquenchable-fire-in-the-bible-.html]
[manna.amazingfacts.org/amazingfacts/website/helltruth/images/banners/unquenchable-fire-media.jpg]
[www.helltruth.com/free-resources/video-library/id/1573/t/what-is-the-final-reward-or-punishment-.html]
[manna.amazingfacts.org/amazingfacts/website/helltruth/images/banners/punishment-for-wicked-media.jpg]
[www.helltruth.com/free-resources/video-library/id/1575/t/do-souls-burn-forever-.html]
[manna.amazingfacts.org/amazingfacts/website/helltruth/images/banners/do-souls-burn-forever-media.jpg]
[www.helltruth.com/free-resources/video-library/id/1571/t/bible-reference-for-destruction-of-the-wicked-.html]
[manna.amazingfacts.org/amazingfacts/website/helltruth/images/banners/Bible-refs-for-destruction-of-wicked-media.jpg]
[manna.amazingfacts.org/amazingfacts/website/helltruth/images/banners/a-tale-about-hell-media.jpg]
[www.helltruth.com/q-a/id/1850/t/unquenchable-fire.html]
[manna.amazingfacts.org/amazingfacts/website/helltruth/images/banners/unquenchable-fire-small-2.jpg]
[www.helltruth.com/q-a/id/1847/t/the-rich-man-lazarus.html]
[manna.amazingfacts.org/amazingfacts/website/helltruth/images/banners/rich-man-and-lazarus-small-2.jpg]
[www.helltruth.com/history/id/1856/t/results-of-the-immortal-soul-doctrine.html]
[manna.amazingfacts.org/amazingfacts/website/helltruth/images/banners/immortality-of-the-soul-small.jpg]
[www.helltruth.com/q-a/id/1849/t/does-so-many-people-believing-in-eternal-hell-fire-make-it-true-.html]
[manna.amazingfacts.org/amazingfacts/website/helltruth/images/banners/heaven-or-hell-small.jpg]
[www.helltruth.com/free-resources/media/e/1101/t/how-long-will-heaven-and-hell-last-.html]
[manna.amazingfacts.org/amazingfacts/website/medialibrary/images/mediascreenshots/how-long-heaven-hell-last-small.jpg]
[manna.amazingfacts.org/amazingfacts/website/helltruth/images/banners/Holy-Bible-small.jpg]
[www.helltruth.com/free-resources/media/e/1260/t/why-do-pastors-scare-people-about-hell-.html]
[manna.amazingfacts.org/amazingfacts/website/medialibrary/images/mediascreenshots/pastors-scare-people-about-hell-small.jpg]
[www.helltruth.com/free-resources/book/e/4/t/absent-from-the-body.html]
[manna.amazingfacts.org/amazingfacts/website/medialibrary/images/mediascreenshots/absent-from-the-body-small.jpg]
[www.helltruth.com/free-resources/media/e/652/t/no-place-to-hide---part-1.html]
[manna.amazingfacts.org/amazingfacts/website/medialibrary/images/mediascreenshots/no-place-to-hide-small.jpg]
[manna.amazingfacts.org/amazingfacts/website/helltruth/images/banners/hell-fire-untangled.jpg]
[www.helltruth.com/free-resources/book/e/48/t/spirits-of-the-dead.html]
[manna.amazingfacts.org/amazingfacts/website/medialibrary/images/mediascreenshots/spirits-of-the-dead-small.jpg]
[www.helltruth.com/free-resources/book/e/17/t/can-a-saved-man-choose-to-be-lost.html]
[manna.amazingfacts.org/amazingfacts/website/medialibrary/images/mediascreenshots/saved-or-lost-small.jpg]
[www.helltruth.com/history/id/1854/t/plato-and-the-immortal-soul.html]
[manna.amazingfacts.org/amazingfacts/website/helltruth/images/banners/plato-and-aristotle-small.jpg]
[www.helltruth.com/contact-us/what-we-believe.html]
[www.helltruth.com/home/terms-of-use.html]
[www.helltruth.com/home/privacy-policy.html]
[manna.amazingfacts.org/amazingfacts/website/multiple/images/extras/watch-aftv-live-green.jpg]
[manna.amazingfacts.org/amazingfacts/website/heroesoffaith/skin/amazing-facts-logo.jpg]
[manna.amazingfacts.org/amazingfacts/website/medialibrary/images/extras/back-to-top-small.jpg]
[www.helltruth.com/index.html]
[www.statcounter.com/counter/counter.js]
[www.helltruth.com/images/pin-icn.png]
[www.helltruth.com/images/helpI-icn-grey.png]
[www.helltruth.com/images/checkbox.png]
[www.helltruth.com/images/radiobutton.png]
[www.helltruth.com/images/dnnSpinnerUpArrow.png]
[www.helltruth.com/images/dnnSpinnerDownArrow.png]
[www.helltruth.com/images/dnnTagClose.png]
[www.helltruth.com/images/search/searchButton.png]
[www.helltruth.com/images/closeBtn.png]
[www.helltruth.com/images/resizeBtn.png]
[www.helltruth.com/images/modal-resize-icn.png]
[www.helltruth.com/images/loading.gif]
[www.helltruth.com/images/InstallWizardBG.png]
[www.helltruth.com/images/down-icn.png]
[www.helltruth.com/images/up-icn.png]
[www.helltruth.com/images/eip_toolbar.png]
[www.helltruth.com/images/eip_title_cancel.png]
[www.helltruth.com/images/eip_edit.png]
[www.helltruth.com/images/eip_save.png]
[www.helltruth.com/images/eip_title_save.png]
[manna.amazingfacts.org/amazingfacts/website/helltruth/images/skin/af-shadow-lft.png]
[manna.amazingfacts.org/amazingfacts/website/helltruth/images/skin/af-shadow-rgt.png]
[manna.amazingfacts.org/amazingfacts/website/helltruth/images/skin/shadow-bottom.png]
[manna.amazingfacts.org/amazingfacts/website/helltruth/images/skin/hell-truth-bkg-3.png]
[manna.amazingfacts.org/amazingfacts/website/helltruth/images/skin/hell-sub-bkg.jpg]
[manna.amazingfacts.org/amazingfacts/website/helltruth/images/skin/main-bkg.jpg]
[manna.amazingfacts.org/amazingfacts/website/sabbathtruth/images/skin/bkg-shadow.png]
[manna.amazingfacts.org/amazingfacts/website/helltruth/images/skin/featured-media-bkg.jpg]
[manna.amazingfacts.org/amazingfacts/website/helltruth/images/skin/embers.png]
[manna.amazingfacts.org/amazingfacts/website/ghosttruth/images/extras/quotes.png]
[www.helltruth.com/DependencyHandler.axd/b3ac87637b5ba40896c9b2e1ccbb70ba/359/css.css]
[www.helltruth.com/WebResource3c5c.js]
[www.helltruth.com/ScriptResource3c57.js]
[www.helltruth.com/ScriptResource9f8c.js]
[www.helltruth.com/DependencyHandler.axd/ce4437c9d75127eb4bd95445518924a9/359/js.js]
[www.helltruth.com/DependencyHandler.axd/56089e3a4b3a348adf00b783559c3978/359/js.js]
[www.helltruth.com/DependencyHandler.axd/56f9e7e672f8db59da600e501d94916f/359/css.css]
[www.helltruth.com/desktopmodules/dnnforge - newsarticles/api/metaweblog/wlwmanifest.xml]
[www.helltruth.com/desktopmodules/dnnforge - newsarticles/api/rsd2742.ashx]
[www.helltruth.com/DependencyHandler.axd/a0565eabd487daab6ab4b183ec42ff0a/359/js.js]
[www.helltruth.com/DependencyHandler.axd/9437ffae8b52bb6af8f6878b007fe098/359/js.js]
[manna.amazingfacts.org/amazingfacts/website/helltruth/images/skin/af-separator.jpg]
[manna.amazingfacts.org/amazingfacts/website/helltruth/images/banners/plato-and-aristotle-large.jpg]
[www.helltruth.com/history/id/1855/t/devil-horns-.html]
[manna.amazingfacts.org/amazingfacts/website/helltruth/images/banners/red-horned-devil-large.jpg]
[manna.amazingfacts.org/amazingfacts/website/helltruth/images/banners/immortality-of-the-soul-large.jpg]
[www.helltruth.com/history/id/1857/t/sinners-in-the-hands-of-an-angry-god-.html]
[manna.amazingfacts.org/amazingfacts/website/helltruth/images/banners/jonathan-edwards-large.jpg]
[manna.amazingfacts.org/amazingfacts/website/helltruth/images/banners/get-hellfire-book-free.jpg]
[www.helltruth.com/history.html]
[www.helltruth.com/free-resources/media/e/1267/t/is-there-a-biblical-purgatory.html]
[www.helltruth.com/desktopmodules/dnnforge - newsarticles/api/rsdba10.ashx]
[manna.amazingfacts.org/amazingfacts/website/helltruth/images/banners/rich-man-and-lazarus-large-2.jpg]
[www.helltruth.com/q-a/id/1852/t/eternal-fire.html]
[manna.amazingfacts.org/amazingfacts/website/helltruth/images/banners/everlasting-fire-large.jpg]
[manna.amazingfacts.org/amazingfacts/website/helltruth/images/banners/unquenchable-fire-large-2.jpg]
[www.helltruth.com/q-a/id/1851/t/forever-and-ever.html]
[manna.amazingfacts.org/amazingfacts/website/helltruth/images/banners/forever-and-ever-large.jpg]
[www.helltruth.com/q-a/id/1844/t/angels-cast-down-to-hell.html]
[manna.amazingfacts.org/amazingfacts/website/helltruth/images/banners/fallen-angel-large.jpg]
[www.helltruth.com/q-a/id/1848/t/no-eternal-firebut-yes-eternal-life-how-.html]
[manna.amazingfacts.org/amazingfacts/website/helltruth/images/banners/portal-to-heaven-large.jpg]
[www.helltruth.com/q-a/id/1846/t/spirits-in-prison.html]
[manna.amazingfacts.org/amazingfacts/website/helltruth/images/banners/spirits-in-prison-large.jpg]
[www.helltruth.com/q-a/id/1845/t/undying-immortal-soul-.html]
[manna.amazingfacts.org/amazingfacts/website/helltruth/images/banners/undying-immortal-soul-large.jpg]
[www.helltruth.com/q-a/id/1853/t/their-worm-does-not-die.html]
[manna.amazingfacts.org/amazingfacts/website/helltruth/images/banners/worm-dieth-not-large.jpg]
[manna.amazingfacts.org/amazingfacts/website/helltruth/images/banners/heaven-or-hell-large.jpg]
[www.helltruth.com/q-a/id/1875/t/is-satan-immortal-causing-him-to-someday-burn-forever-in-hell-.html]
[manna.amazingfacts.org/amazingfacts/website/helltruth/images/banners/fall-of-lucifer-large.jpg]
[www.helltruth.com/q-a.html]
[www.helltruth.com/DependencyHandler.axd/87c1429134df85fa9adb69761c4f2400/359/css.css]
[www.helltruth.com/DesktopModules/DnnForge - NewsArticles/Templates/Hell Truth Videos/Template.css]
[www.helltruth.com/desktopmodules/dnnforge - newsarticles/api/rsd5cb1.ashx]
[www.helltruth.com/DependencyHandler.axd/af1cae816ac19b2dcc8296f087d3b56e/359/js.js]
[www.helltruth.com/Portals/_default/skins/helltruth/af-images/af-separator.jpg]
[manna.amazingfacts.org/amazingfacts/website/helltruth/images/banners/a-tale-about-hell-large.jpg]
[www.helltruth.com/free-resources/video-library/id/1574/t/are-both-the-soul-and-body-destroyed-in-hell-.html]
[manna.amazingfacts.org/amazingfacts/website/helltruth/images/banners/soul-and-body-destroyed-in-hell-large.jpg]
[manna.amazingfacts.org/amazingfacts/website/helltruth/images/banners/Bible-refs-for-destruction-of-wicked-large.jpg]
[manna.amazingfacts.org/amazingfacts/website/helltruth/images/banners/do-souls-burn-forever-large.jpg]
[www.helltruth.com/free-resources/video-library/id/1576/t/does-hell-burn-forever-.html]
[manna.amazingfacts.org/amazingfacts/website/helltruth/images/banners/does-hell-burn-forever-large.jpg]
[www.helltruth.com/free-resources/video-library/id/1572/t/for-whom-will-hellfire-be-kindled-.html]
[manna.amazingfacts.org/amazingfacts/website/helltruth/images/banners/for-whom-will-hellfire-be-kindled-large.jpg]
[www.helltruth.com/free-resources/video-library/id/1582/t/hellfire-conspiracy-exposed-.html]
[manna.amazingfacts.org/amazingfacts/website/helltruth/images/banners/hellfire-conspiracy-exposed-large.jpg]
[www.helltruth.com/free-resources/video-library/id/1579/t/how-many-are-being-punished-in-hell-today-.html]
[manna.amazingfacts.org/amazingfacts/website/helltruth/images/banners/how-many-in-hell-now-large.jpg]
[manna.amazingfacts.org/amazingfacts/website/helltruth/images/banners/everlasting-fire-Bible-large.jpg]
[manna.amazingfacts.org/amazingfacts/website/helltruth/images/banners/punishment-for-wicked-large.jpg]
[manna.amazingfacts.org/amazingfacts/website/helltruth/images/banners/unquenchable-fire-large.jpg]
[www.helltruth.com/free-resources/video-library/id/1577/t/when-will-the-wicked-be-destroyed-in-hellfire-.html]
[manna.amazingfacts.org/amazingfacts/website/helltruth/images/banners/when-will-wicked-be-destroyed-in-hell-large.jpg]
[www.helltruth.com/free-resources/video-library/id/1583/t/where-is-hell-located-.html]
[manna.amazingfacts.org/amazingfacts/website/helltruth/images/banners/where-is-hell-large.jpg]
[www.helltruth.com/free-resources/video-library/id/1578/t/will-hellfire-eventually-go-out-.html]
[manna.amazingfacts.org/amazingfacts/website/helltruth/images/banners/will-fire-go-out-large.jpg]
[www.helltruth.com/free-resources/video-library.html]
[manna.amazingfacts.org/amazingfacts/website/medialibrary/images/mediascreenshots/lake-of-fire-large.jpg]
[www.helltruth.com/Portals/_default/Skins/HellTruth/af-images/af-separator-2.jpg]
[www.helltruth.com/free-resources/media/e/1072/t/explain-the-parable-of-the-rich-man-and-lazarus-and-the-eternal-hell-fire-.html]
[manna.amazingfacts.org/amazingfacts/website/medialibrary/images/mediascreenshots/rich-man-and-lazarus-large-416999067.jpg]
[www.helltruth.com/free-resources/media/e/785/t/fate-of-the-wicked.html]
[manna.amazingfacts.org/amazingfacts/website/medialibrary/images/mediascreenshots/fate-of-the-wicked-large.jpg]
[www.helltruth.com/free-resources/media/e/4271/t/hell--pt--1.html]
[manna.amazingfacts.org/amazingfacts/website/medialibrary/images/mediascreenshots/hell-pt1-large.jpg]
[www.helltruth.com/free-resources/media/e/1071/t/how-can-the-smoke-of-a-sinners--torment-rise-forever-.html]
[manna.amazingfacts.org/amazingfacts/website/medialibrary/images/mediascreenshots/torment-smoke.jpg]
[manna.amazingfacts.org/amazingfacts/website/medialibrary/images/mediascreenshots/how-long-heaven-hell-last-large.jpg]
[www.helltruth.com/free-resources/media/e/1074/t/in-the-apostles--creed--why-does-it-say-jesus-descended-into-hell-.html]
[manna.amazingfacts.org/amazingfacts/website/medialibrary/images/mediascreenshots/Jesus-teaching-large.jpg]
[www.helltruth.com/free-resources/media/e/1262/t/is-hell-eternal-.html]
[manna.amazingfacts.org/amazingfacts/website/medialibrary/images/mediascreenshots/gates-of-hell-large.jpg]
[www.helltruth.com/free-resources/media/e/1267/t/is-there-a-biblical-purgatory-.html]
[manna.amazingfacts.org/amazingfacts/website/medialibrary/images/mediascreenshots/is-purgatory-Biblical-large.jpg]
[manna.amazingfacts.org/amazingfacts/website/medialibrary/images/mediascreenshots/no-place-to-hide-large.jpg]
[www.helltruth.com/free-resources/media/e/1069/t/please-explain-what-the-second-death-is-spoken-of-in-the-book-of-revelation.html]
[manna.amazingfacts.org/amazingfacts/website/medialibrary/images/mediascreenshots/book-of-revelation-large.jpg]
[www.helltruth.com/free-resources/media/e/11832/t/the-lake-of-fire.html]
[manna.amazingfacts.org/amazingfacts/website/medialibrary/images/mediascreenshots/pastors-scare-people-about-hell-large-1007845309.jpg]
[www.helltruth.com/free-resources/audio-library.html]
[www.helltruth.com/DependencyHandler.axd/4eb7c8eb17ff6129005c4e0764d383b7/359/css.css]
[www.helltruth.com/DesktopModules/DnnForge - NewsArticles/Templates/HellMainAltImgDir/Template.css]
[manna.amazingfacts.org/amazingfacts/website/medialibrary/images/mediascreenshots/what-happens-when-we-die-large.jpg]
[www.helltruth.com/desktopmodules/dnnforge - newsarticles/api/rsd2e0e.ashx]
[manna.amazingfacts.org/amazingfacts/website/medialibrary/images/mediascreenshots/absent-from-the-body-large.jpg]
[manna.amazingfacts.org/amazingfacts/website/medialibrary/images/mediascreenshots/saved-or-lost-large.jpg]
[www.helltruth.com/portals/2/Grave-Errors-About-Death.pdf]
[manna.amazingfacts.org/amazingfacts/website/medialibrary/images/mediascreenshots/heaven-is-it-for-real-large.jpg]
[www.helltruth.com/free-resources/book/e/29/t/heaven-is-it-for-real.html]
[manna.amazingfacts.org/amazingfacts/website/helltruth/images/banners/burning-in-hell-large.jpg]
[manna.amazingfacts.org/amazingfacts/website/helltruth/images/banners/burning-in-hell-small.jpg]
[www.helltruth.com/free-resources/book-and-article-library/id/1869.html]
[www.helltruth.com/free-resources/book-and-article-library/hell.html]
[manna.amazingfacts.org/amazingfacts/website/medialibrary/images/mediascreenshots/burning-in-hell-large.jpg]
[www.helltruth.com/free-resources/book/e/35/t/is-it-easier-to-be-saved-or-lost.html]
[manna.amazingfacts.org/amazingfacts/website/medialibrary/images/mediascreenshots/easier-to-be-saved-or-lost-large.jpg]
[www.helltruth.com/free-resources/book/e/43/t/remember-lots-wife.html]
[manna.amazingfacts.org/amazingfacts/website/medialibrary/images/mediascreenshots/remember-lots-wife-large-548464132.jpg]
[www.helltruth.com/free-resources/book/e/44/t/rendezvous-in-space.html]
[manna.amazingfacts.org/amazingfacts/website/medialibrary/images/mediascreenshots/rendevous-in-space-large.jpg]
[www.helltruth.com/free-resources/book/e/46/t/satan-in-chains.html]
[manna.amazingfacts.org/amazingfacts/website/medialibrary/images/mediascreenshots/satan-in-chains-large-1085129119.jpg]
[manna.amazingfacts.org/amazingfacts/website/medialibrary/images/mediascreenshots/spirits-of-the-dead-large.jpg]
[www.helltruth.com/free-resources/book/e/68/t/the-last-night-on-earth.html]
[manna.amazingfacts.org/amazingfacts/website/medialibrary/images/mediascreenshots/last-night-on-earth-large-1361950230.jpg]
[www.helltruth.com/free-resources/book/e/71/t/the-rich-man-and-lazarus.html]
[manna.amazingfacts.org/amazingfacts/website/medialibrary/images/mediascreenshots/the-rich-man-and-lazarus-large.jpg]
[www.helltruth.com/free-resources/book-and-article-library.html]
[www.helltruth.com/desktopmodules/dnnforge - newsarticles/api/rsd6b8a.ashx]
[manna.amazingfacts.org/amazingfacts/website/helltruth/images/banners/what-about-forever-large.jpg]
[manna.amazingfacts.org/amazingfacts/website/helltruth/images/banners/hell-on-earth-large.jpg]
[manna.amazingfacts.org/amazingfacts/website/helltruth/images/banners/a-burning-controversy-large.jpg]
[manna.amazingfacts.org/amazingfacts/website/helltruth/images/banners/rich-man-and-lazarus-and-dogs-large.jpg]
[www.helltruth.com/free-resources/article-library.html]
[www.helltruth.com/DependencyHandler.axd/2b9083c2b1cd2da7809e79d5d0bf20d5/359/css.css]
[www.helltruth.com/DependencyHandler.axd/5debffae966b59e2ddf8061dd9453125/359/js.js]
[manna.amazingfacts.org/amazingfacts/website/helltruth/images/banners/hellfire-large.jpg]
[www.helltruth.com/free-resources/request-free-book.html]
[manna.amazingfacts.org/amazingfacts/website/helltruth/images/banners/Holy-Bible-large.jpg]
[www.helltruth.com/DependencyHandler.axd/10e9aaaf6b1ad3ccd55b3ef25dfa1d20/359/css.css]
[www.helltruth.com/DependencyHandler.axd/9318886c1fb17c9c9396b7956591dd5b/359/js.js]
[www.helltruth.com/bible-studies.html]
[manna.amazingfacts.org/amazingfacts/website/multiple/plugins/BibleSchool/AFBibleSchool.js]
[manna.amazingfacts.org/amazingfacts/website/sabbathtruth/images/banners/store-open-large.jpg]
[manna.amazingfacts.org/amazingfacts/website/multiple/images/extras/section-separator.jpg]
[www.helltruth.com/store.html]
[manna.amazingfacts.org/amazingfacts/website/helltruth/images/banners/contact-us-large.jpg]
[www.helltruth.com/contact-us.html]
[www.helltruth.com/DependencyHandler.axd/bbb3b52575eb29853a8aba4285d87842/359/css.css]
[www.helltruth.com/home/site-search.html]
[www.helltruth.com/free-resources/video-library/id/1677.html]
[www.helltruth.com/Portals/2/hell-burning.jpg]
[sdks.shopifycdn.com/buy-button/latest/buy-button-storefront.min.js]
[players.brightcove.net/6415484713001/jGEtxP6NZ_default/index.min.js]
[manna.amazingfacts.org/amazingfacts/website/multiple/scripts/HellTruth-Comments-File.js]
[cdn.fastcomments.com/js/embed-v2.min.js]
[www.helltruth.com/free-resources/video-library/id/1677/t/a-tale-about-hell.html]
[www.helltruth.com/free-resources/article-library/id/1870/t/is-hellfire-real-.html]
[www.helltruth.com/free-resources/article-library/id/1870.html]
[www.helltruth.com/free-resources/article-library/id/1871/t/eternal-damnation-.html]
[www.helltruth.com/free-resources/article-library/id/1871.html]
[www.helltruth.com/free-resources/article-library/id/1872/t/where-is-hell-.html]
[www.helltruth.com/free-resources/article-library/id/1872.html]
[www.helltruth.com/free-resources/article-library/id/1874/t/what-does-hell-say-about-god-.html]
[www.helltruth.com/free-resources/article-library/id/1874.html]
[www.helltruth.com/free-resources/article-library/id/1873/t/the-story-of-the-rich-man-and-lazarus.html]
[www.helltruth.com/free-resources/article-library/id/1873.html]
[www.helltruth.com/free-resources/video-library/id/1570.html]
[www.helltruth.com/Portals/2/1_what-is-everlasting-fire.jpg]
[www.helltruth.com/free-resources/video-library/id/1570/t/what-is-everlasting-fire-in-the-bible-.html]
[www.helltruth.com/free-resources/video-library/id/1581.html]
[www.helltruth.com/Portals/2/unquenchable-fire.jpg]
[www.helltruth.com/free-resources/video-library/id/1581/t/what-is-unquenchable-fire-in-the-bible-.html]
[www.helltruth.com/free-resources/video-library/id/1573.html]
[www.helltruth.com/Portals/2/final-reward-or-punishment.jpg]
[www.helltruth.com/free-resources/video-library/id/1573/t/what-is-the-final-reward-or-punishment-.html]
[www.helltruth.com/free-resources/video-library/id/1575.html]
[www.helltruth.com/Portals/2/do-souls-burn-forever.jpg]
[www.helltruth.com/free-resources/video-library/id/1575/t/do-souls-burn-forever-.html]
[www.helltruth.com/free-resources/video-library/id/1571.html]
[www.helltruth.com/Portals/2/destruction-of-wicked.jpg]
[www.helltruth.com/free-resources/video-library/id/1571/t/bible-reference-for-destruction-of-the-wicked-.html]
[www.helltruth.com/q-a/id/1850.html]
[www.helltruth.com/portals/2/firefighter.jpg]
[www.helltruth.com/q-a/id/1850/t/unquenchable-fire.html]
[www.helltruth.com/q-a/id/1847/t/the-rich-man-lazarus.html]
[www.helltruth.com/q-a/id/1847.html]
[www.helltruth.com/history/id/1856.html]
[www.helltruth.com/free-resources/video-library/id/1578/t/will-hellfire-eventually-go-out.html]
[www.helltruth.com/free-resources/article-library/id/1874/t/what-does-hell-say-about-god.html]
[www.helltruth.com/history/id/1856/t/results-of-the-immortal-soul-doctrine.html]
[www.helltruth.com/history/id/1857/t/sinners-in-the-hands-of-an-angry-god.html]
[www.helltruth.com/q-a/id/1849/t/does-so-many-people-believing-in-eternal-hell-fire-make-it-true-.html]
[www.helltruth.com/free-resources/media/e/1101/t/how-long-will-heaven-and-hell-last-.html]
[www.helltruth.com/free-resources/media/e/1260/t/why-do-pastors-scare-people-about-hell-.html]
[www.helltruth.com/q-a/id/1849.html]
[manna.amazingfacts.org/amazingfacts/website/medialibrary/images/mediascreenshots/absent-from-the-body-1798017348.jpg]
[www.helltruth.com/free-resources/book/e/4/t/absent-from-the-body.html]
[www.helltruth.com/free-resources/media/e/652/t/no-place-to-hide---part-1.html]
[www.helltruth.com/free-resources/book/e/48/t/spirits-of-the-dead.html]
[www.helltruth.com/free-resources/book/e/17/t/can-a-saved-man-choose-to-be-lost-.html]
[manna.amazingfacts.org/amazingfacts/website/medialibrary/images/mediascreenshots/can-a-saved-man-choose-to-be-lost.jpg]
[www.helltruth.com/free-resources/book/e/17/t/can-a-saved-man-choose-to-be-lost.html]
[www.helltruth.com/history/id/1854.html]
[www.helltruth.com/free-resources/media/e/1262/t/is-hell-eternal.html]
[www.helltruth.com/history/id/1854/t/plato-and-the-immortal-soul.html]
[manna.amazingfacts.org/amazingfacts/website/helltruth/images/banners/what-we-believe-large.jpg]
[www.helltruth.com/contact-us/what-we-believe.html]
[www.helltruth.com/home/terms-of-use.html]
[www.helltruth.com/home/privacy-policy.html]
[www.helltruth.com/Resources/images/arrow-right-white.html]
[www.helltruth.com/POST.html]
[www.helltruth.com/Firefox/index.html]
[www.helltruth.com/AppleWebKit/index.html]
[www.helltruth.com/Opera/index.html]
[www.helltruth.com/MicrosoftAjaxWebForms.html]
[www.helltruth.com/MicrosoftAjaxSerialization.html]
[www.helltruth.com/MicrosoftAjaxNetwork.html]
[www.helltruth.com/Print Page.html]
[www.helltruth.com/DependencyHandler.axd/d6833ef288dec815495e046416ba0d6c/359/css.css]
[www.helltruth.com/desktopmodules/dnnforge - newsarticles/includes/shadowbox/loading.gif]
[www.helltruth.com/desktopmodules/dnnforge - newsarticles/includes/shadowbox/close.png]
[www.helltruth.com/desktopmodules/dnnforge - newsarticles/includes/shadowbox/next.png]
[www.helltruth.com/desktopmodules/dnnforge - newsarticles/includes/shadowbox/previous.png]
[www.helltruth.com/desktopmodules/dnnforge - newsarticles/includes/shadowbox/play.png]
[www.helltruth.com/desktopmodules/dnnforge - newsarticles/includes/shadowbox/pause.png]
[www.helltruth.com/DependencyHandler.axd/56f9e7e672f8db59da600e501d94916f/359/css.css]
[www.helltruth.com/DesktopModules/DnnForge - NewsArticles/Templates/HellMain/Template.css]
[www.helltruth.com/DependencyHandler.axd/a0565eabd487daab6ab4b183ec42ff0a/359/js.js]
[www.helltruth.com/DependencyHandler.axd/9437ffae8b52bb6af8f6878b007fe098/359/js.js]
[manna.amazingfacts.org/amazingfacts/website/helltruth/images/banners/red-horned-devil-small.jpg]
[www.helltruth.com/history/id/1855.html]
[www.helltruth.com/portals/2/RebelliousPrince/rp-1.jpg]
[www.helltruth.com/portals/2/RebelliousPrince/rp-2.jpg]
[www.helltruth.com/portals/2/RebelliousPrince/ro-3.jpg]
[www.helltruth.com/portals/2/RebelliousPrince/rp-3.jpg]
[www.helltruth.com/portals/2/RebelliousPrince/rp-4.jpg]
[www.helltruth.com/portals/2/RebelliousPrince/rp-5.jpg]
[www.helltruth.com/portals/2/RebelliousPrince/rp-6.jpg]
[www.helltruth.com/portals/2/RebelliousPrince/rp-7.jpg]
[www.helltruth.com/portals/2/RebelliousPrince/rp-8.jpg]
[www.helltruth.com/portals/2/RebelliousPrince/rp-9.jpg]
[www.helltruth.com/portals/2/RebelliousPrince/rp-10.jpg]
[www.helltruth.com/portals/2/RebelliousPrince/rp-11.jpg]
[www.helltruth.com/portals/2/RebelliousPrince/rp-12.jpg]
[www.helltruth.com/portals/2/RebelliousPrince/rp-13.jpg]
[www.helltruth.com/portals/2/RebelliousPrince/rp-14.jpg]
[www.helltruth.com/portals/2/RebelliousPrince/rp-15.jpg]
[www.helltruth.com/portals/2/RebelliousPrince/rp-16.jpg]
[www.helltruth.com/portals/2/RebelliousPrince/rp-17.jpg]
[www.helltruth.com/history/id/1855/t/devil-horns-.html]
[manna.amazingfacts.org/amazingfacts/website/helltruth/images/banners/jonathan-edwards-small.jpg]
[www.helltruth.com/history/id/1857.html]
[www.helltruth.com/free-resources/video-library/id/1576/t/does-hell-burn-forever.html]
[www.helltruth.com/free-resources/media/e/1071/t/how-can-the-smoke-of-a-sinners-torment-rise-forever.html]
[www.helltruth.com/history/id/1857/t/sinners-in-the-hands-of-an-angry-god-.html]
[www.helltruth.com/free-resources/media/e/1267/t/is-there-a-biblical-purgatory.html]
[manna.amazingfacts.org/amazingfacts/website/helltruth/images/banners/everlasting-fire-small.jpg]
[www.helltruth.com/q-a/id/1852.html]
[www.helltruth.com/q-a/id/1852/t/eternal-fire.html]
[manna.amazingfacts.org/amazingfacts/website/helltruth/images/banners/forever-and-ever-small.jpg]
[www.helltruth.com/q-a/id/1851/t/forever-and-ever.html]
[www.helltruth.com/q-a/id/1851.html]
[manna.amazingfacts.org/amazingfacts/website/helltruth/images/banners/fallen-angel-small.jpg]
[www.helltruth.com/q-a/id/1844/t/angels-cast-down-to-hell.html]
[www.helltruth.com/q-a/id/1844.html]
[manna.amazingfacts.org/amazingfacts/website/helltruth/images/banners/portal-to-heaven-small.jpg]
[www.helltruth.com/q-a/id/1848.html]
[www.helltruth.com/q-a/id/1848/t/no-eternal-firebut-yes-eternal-life-how-.html]
[www.helltruth.com/free-resources/media/e/1101/t/how-long-will-heaven-and-hell-last.html]
[manna.amazingfacts.org/amazingfacts/website/helltruth/images/banners/spirits-in-prison-small.jpg]
[www.helltruth.com/q-a/id/1846.html]
[www.helltruth.com/portals/2/prisoner.jpg]
[www.helltruth.com/q-a/id/1846/t/spirits-in-prison.html]
[manna.amazingfacts.org/amazingfacts/website/helltruth/images/banners/undying-immortal-soul-small.jpg]
[www.helltruth.com/q-a/id/1845/t/undying-immortal-soul-.html]
[www.helltruth.com/q-a/id/1845.html]
[manna.amazingfacts.org/amazingfacts/website/helltruth/images/banners/worm-dieth-not-small.jpg]
[www.helltruth.com/q-a/id/1853.html]
[www.helltruth.com/q-a/id/1853/t/their-worm-does-not-die.html]
[manna.amazingfacts.org/amazingfacts/website/helltruth/images/banners/fall-of-lucifer-small.jpg]
[www.helltruth.com/q-a/id/1875.html]
[www.helltruth.com/q-a/id/1875/t/is-satan-immortal-causing-him-to-someday-burn-forever-in-hell-.html]
[www.helltruth.com/DesktopModules/DnnForge - NewsArticles/Images/Uploader/cancelbutton.gif]
[www.helltruth.com/DependencyHandler.axd/87c1429134df85fa9adb69761c4f2400/359/css.css]
[www.helltruth.com/DesktopModules/DnnForge - NewsArticles/Templates/Hell Truth Videos/images/01.gif]
[www.helltruth.com/DesktopModules/DnnForge - NewsArticles/Templates/Hell Truth Videos/images/02.gif]
[www.helltruth.com/DesktopModules/DnnForge - NewsArticles/Templates/Hell Truth Videos/images/03.gif]
[www.helltruth.com/DesktopModules/DnnForge - NewsArticles/Templates/Hell Truth Videos/images/04.gif]
[www.helltruth.com/DesktopModules/DnnForge - NewsArticles/Templates/Hell Truth Videos/images/05.gif]
[www.helltruth.com/DesktopModules/DnnForge - NewsArticles/Templates/Hell Truth Videos/images/06.gif]
[www.helltruth.com/DesktopModules/DnnForge - NewsArticles/Templates/Hell Truth Videos/images/07.gif]
[www.helltruth.com/DesktopModules/DnnForge - NewsArticles/Templates/Hell Truth Videos/images/08.gif]
[www.helltruth.com/DesktopModules/DnnForge - NewsArticles/Templates/Hell Truth Videos/images/09.gif]
[www.helltruth.com/DesktopModules/DnnForge - NewsArticles/Templates/Hell Truth Videos/images/10.gif]
[www.helltruth.com/DesktopModules/DnnForge - NewsArticles/Templates/Hell Truth Videos/images/11.gif]
[www.helltruth.com/DesktopModules/DnnForge - NewsArticles/Templates/Hell Truth Videos/images/12.gif]
[www.helltruth.com/DesktopModules/DnnForge - NewsArticles/Templates/Hell Truth Videos/Template.css]
[www.helltruth.com/DependencyHandler.axd/af1cae816ac19b2dcc8296f087d3b56e/359/js.js]
[manna.amazingfacts.org/amazingfacts/website/helltruth/images/banners/soul-and-body-destroyed-in-hell-media.jpg]
[www.helltruth.com/free-resources/video-library/id/1574.html]
[www.helltruth.com/Portals/2/soul-body-hell.jpg]
[www.helltruth.com/free-resources/video-library/id/1574/t/are-both-the-soul-and-body-destroyed-in-hell-.html]
[manna.amazingfacts.org/amazingfacts/website/helltruth/images/banners/does-hell-burn-forever-media.jpg]
[www.helltruth.com/free-resources/video-library/id/1576.html]
[www.helltruth.com/Portals/2/good-news-about-hell.jpg]
[www.helltruth.com/free-resources/video-library/id/1576/t/does-hell-burn-forever-.html]
[manna.amazingfacts.org/amazingfacts/website/helltruth/images/banners/for-whom-will-hellfire-be-kindled-media.jpg]
[www.helltruth.com/free-resources/video-library/id/1572.html]
[www.helltruth.com/Portals/2/for-who-hell-kindled.jpg]
[www.helltruth.com/free-resources/video-library/id/1572/t/for-whom-will-hellfire-be-kindled-.html]
[manna.amazingfacts.org/amazingfacts/website/helltruth/images/banners/hellfire-conspiracy-exposed-media.jpg]
[www.helltruth.com/free-resources/video-library/id/1582.html]
[www.helltruth.com/Portals/2/lake-of-fire.jpg]
[www.helltruth.com/free-resources/video-library/id/1582/t/hellfire-conspiracy-exposed-.html]
[manna.amazingfacts.org/amazingfacts/website/helltruth/images/banners/how-many-in-hell-now-media.jpg]
[www.helltruth.com/free-resources/video-library/id/1579.html]
[www.helltruth.com/Portals/2/how-many-in-hell-today.jpg]
[www.helltruth.com/free-resources/video-library/id/1579/t/how-many-are-being-punished-in-hell-today-.html]
[manna.amazingfacts.org/amazingfacts/website/helltruth/images/banners/when-will-wicked-be-destroyed-in-hell-media.jpg]
[www.helltruth.com/free-resources/video-library/id/1577.html]
[www.helltruth.com/Portals/2/when-wicked-destroyed-hell.jpg]
[www.helltruth.com/free-resources/video-library/id/1577/t/when-will-the-wicked-be-destroyed-in-hellfire-.html]
[manna.amazingfacts.org/amazingfacts/website/helltruth/images/banners/where-is-hell-media.jpg]
[www.helltruth.com/free-resources/video-library/id/1583.html]
[www.helltruth.com/Portals/2/where-is-hell.jpg]
[www.helltruth.com/free-resources/video-library/id/1583/t/where-is-hell-located-.html]
[manna.amazingfacts.org/amazingfacts/website/helltruth/images/banners/will-fire-go-out-media.jpg]
[www.helltruth.com/free-resources/video-library/id/1578.html]
[www.helltruth.com/Portals/2/will-hell-ever-stop.jpg]
[www.helltruth.com/free-resources/video-library/id/1578/t/will-hellfire-eventually-go-out-.html]
[www.helltruth.com/free-resources/media/e/1072/t/explain-the-parable-of-the-rich-man-and-lazarus-and-the-eternal-hell-fire-.html]
[www.helltruth.com/free-resources/media/e/785/t/fate-of-the-wicked.html]
[www.helltruth.com/free-resources/media/e/4271/t/hell--pt--1.html]
[www.helltruth.com/free-resources/media/e/1071/t/how-can-the-smoke-of-a-sinners--torment-rise-forever-.html]
[www.helltruth.com/free-resources/media/e/1074/t/in-the-apostles--creed--why-does-it-say-jesus-descended-into-hell-.html]
[www.helltruth.com/free-resources/media/e/1262/t/is-hell-eternal-.html]
[www.helltruth.com/free-resources/media/e/1267/t/is-there-a-biblical-purgatory-.html]
[www.helltruth.com/free-resources/media/e/1069/t/please-explain-what-the-second-death-is-spoken-of-in-the-book-of-revelation.html]
[www.helltruth.com/free-resources/media/e/11832/t/the-lake-of-fire.html]
[www.helltruth.com/DependencyHandler.axd/4eb7c8eb17ff6129005c4e0764d383b7/359/css.css]
[www.helltruth.com/DesktopModules/DnnForge - NewsArticles/Templates/HellMainAltImgDir/images/01.gif]
[www.helltruth.com/DesktopModules/DnnForge - NewsArticles/Templates/HellMainAltImgDir/images/02.gif]
[www.helltruth.com/DesktopModules/DnnForge - NewsArticles/Templates/HellMainAltImgDir/images/03.gif]
[www.helltruth.com/DesktopModules/DnnForge - NewsArticles/Templates/HellMainAltImgDir/images/04.gif]
[www.helltruth.com/DesktopModules/DnnForge - NewsArticles/Templates/HellMainAltImgDir/images/05.gif]
[www.helltruth.com/DesktopModules/DnnForge - NewsArticles/Templates/HellMainAltImgDir/images/06.gif]
[www.helltruth.com/DesktopModules/DnnForge - NewsArticles/Templates/HellMainAltImgDir/images/07.gif]
[www.helltruth.com/DesktopModules/DnnForge - NewsArticles/Templates/HellMainAltImgDir/images/08.gif]
[www.helltruth.com/DesktopModules/DnnForge - NewsArticles/Templates/HellMainAltImgDir/images/09.gif]
[www.helltruth.com/DesktopModules/DnnForge - NewsArticles/Templates/HellMainAltImgDir/images/10.gif]
[www.helltruth.com/DesktopModules/DnnForge - NewsArticles/Templates/HellMainAltImgDir/images/11.gif]
[www.helltruth.com/DesktopModules/DnnForge - NewsArticles/Templates/HellMainAltImgDir/images/12.gif]
[www.helltruth.com/DesktopModules/DnnForge - NewsArticles/Templates/HellMainAltImgDir/Template.css]
[www.helltruth.com/free-resources/book/e/29/t/heaven-is-it-for-real.html]
[www.helltruth.com/free-resources/book-and-article-library/id/1869.html]
[www.helltruth.com/free-resources/book-and-article-library/hell.html]
[www.helltruth.com/free-resources/book/e/29/t/heaven---is-it-for-real-.html]
[www.helltruth.com/free-resources/book/e/35/t/is-it-easier-to-be-saved-or-lost.html]
[www.helltruth.com/free-resources/book/e/35/t/is-it-easier-to-be-saved-or-to-be-lost-.html]
[www.helltruth.com/free-resources/book/e/43/t/remember-lots-wife.html]
[www.helltruth.com/free-resources/book/e/43/t/remember-lot-s-wife.html]
[manna.amazingfacts.org/amazingfacts/website/medialibrary/images/mediascreenshots/rendevous-in-space.jpg]
[www.helltruth.com/free-resources/book/e/44/t/rendezvous-in-space.html]
[www.helltruth.com/free-resources/book/e/46/t/satan-in-chains.html]
[manna.amazingfacts.org/amazingfacts/website/medialibrary/images/mediascreenshots/destroyed-city.jpg]
[www.helltruth.com/free-resources/book/e/68/t/the-last-night-on-earth.html]
[www.helltruth.com/free-resources/book/e/71/t/the-rich-man-and-lazarus.html]
[www.helltruth.com/DependencyHandler.axd/2b9083c2b1cd2da7809e79d5d0bf20d5/359/css.css]
[www.helltruth.com/DependencyHandler.axd/5debffae966b59e2ddf8061dd9453125/359/js.js]
[www.helltruth.com/DependencyHandler.axd/10e9aaaf6b1ad3ccd55b3ef25dfa1d20/359/css.css]
[www.helltruth.com/DependencyHandler.axd/9318886c1fb17c9c9396b7956591dd5b/359/js.js]
[www.helltruth.com/DependencyHandler.axd/bbb3b52575eb29853a8aba4285d87842/359/css.css]
[cse.google.com/cse07b6.html]
[www.helltruth.com/free-resources/video-library/id/1677.html]
[www.helltruth.com/free-resources/article-library/id/1870.html]
[www.helltruth.com/free-resources/article-library/id/1871.html]
[www.helltruth.com/free-resources/article-library/id/1872.html]
[www.helltruth.com/free-resources/article-library/id/1874.html]
[www.helltruth.com/free-resources/article-library/id/1873.html]
[www.helltruth.com/free-resources/video-library/id/1570.html]
[www.helltruth.com/free-resources/video-library/id/1581.html]
[www.helltruth.com/free-resources/video-library/id/1573.html]
[www.helltruth.com/free-resources/video-library/id/1575.html]
[www.helltruth.com/free-resources/video-library/id/1571.html]
[www.helltruth.com/q-a/id/1850.html]
[www.helltruth.com/q-a/id/1847.html]
[www.helltruth.com/history/id/1856.html]
[www.helltruth.com/free-resources/video-library/id/1578/t/will-hellfire-eventually-go-out.html]
[www.helltruth.com/free-resources/article-library/id/1874/t/what-does-hell-say-about-god.html]
[www.helltruth.com/history/id/1857/t/sinners-in-the-hands-of-an-angry-god.html]
[www.helltruth.com/q-a/id/1849.html]
[www.helltruth.com/free-resources/book/e/17/t/can-a-saved-man-choose-to-be-lost-.html]
[www.helltruth.com/history/id/1854.html]
[www.helltruth.com/free-resources/media/e/1262/t/is-hell-eternal.html]
[www.helltruth.com/DependencyHandler.axd/d6833ef288dec815495e046416ba0d6c/359/css.css]
[www.helltruth.com/applewebkit/index-2.html]
[www.helltruth.com/history/id/1855.html]
[www.helltruth.com/history/id/1857.html]
[www.helltruth.com/free-resources/video-library/id/1576/t/does-hell-burn-forever.html]
[www.helltruth.com/free-resources/media/e/1071/t/how-can-the-smoke-of-a-sinners-torment-rise-forever.html]
[www.helltruth.com/q-a/id/1852.html]
[www.helltruth.com/q-a/id/1851.html]
[www.helltruth.com/q-a/id/1844.html]
[www.helltruth.com/q-a/id/1848.html]
[www.helltruth.com/free-resources/media/e/1101/t/how-long-will-heaven-and-hell-last.html]
[www.helltruth.com/q-a/id/1846.html]
[www.helltruth.com/q-a/id/1845.html]
[www.helltruth.com/q-a/id/1853.html]
[www.helltruth.com/q-a/id/1875.html]
[www.helltruth.com/free-resources/video-library/id/1574.html]
[www.helltruth.com/free-resources/video-library/id/1576.html]
[www.helltruth.com/free-resources/video-library/id/1572.html]
[www.helltruth.com/free-resources/video-library/id/1582.html]
[www.helltruth.com/free-resources/video-library/id/1579.html]
[www.helltruth.com/free-resources/video-library/id/1577.html]
[www.helltruth.com/free-resources/video-library/id/1583.html]
[www.helltruth.com/free-resources/video-library/id/1578.html]
[www.helltruth.com/free-resources/book/e/29/t/heaven---is-it-for-real-.html]
[www.helltruth.com/free-resources/book/e/35/t/is-it-easier-to-be-saved-or-to-be-lost-.html]
[www.helltruth.com/free-resources/book/e/43/t/remember-lot-s-wife.html]
